  ▲ Next.js 14.2.35
  - Local:        http://localhost:3000
  - Environments: .env.local

 ✓ Starting...
 ✓ Ready in 3.2s
 ○ Compiling / ...
 ✓ Compiled / in 8.5s (645 modules)
 GET / 200 in 8864ms
 ✓ Compiled in 761ms (304 modules)
 GET / 200 in 58ms
 GET / 200 in 112ms
 ○ Compiling /login ...
 ✓ Compiled /login in 968ms (610 modules)
 GET /login 200 in 240ms
 ○ Compiling /admin/dashboard ...
 ✓ Compiled /admin/dashboard in 1477ms (673 modules)
 ○ Compiling /kasir ...
 ✓ Compiled /kasir in 1282ms (717 modules)
 ○ Compiling /kasir/shift/close ...
 ✓ Compiled /kasir/shift/close in 1093ms (737 modules)
 ✓ Compiled in 599ms (361 modules)
 ✓ Compiled / in 450ms (380 modules)
 GET / 200 in 782ms
 ✓ Compiled in 896ms (737 modules)
 ✓ Compiled in 630ms (361 modules)
 ✓ Compiled in 978ms (737 modules)
